Process 0: input/proc/p6s
Time slot   0
ld_routine
Time slot   1
	Loaded a process at input/proc/p6s, PID: 1 PRIO: 10
Time slot   2
	CPU 0: Dispatched process  1
===== PHYSICAL MEMORY AFTER ALLOCATION =====
PID=1 - Region=0 - Address=00000000 - Size=700 byte
print_pgtbl: 0 - 768
00000000: 80000002
00000004: 80000001
00000008: 80000000
Time slot   3
write region=0 offset=140 value=90 PID=1
print_pgtbl: 0 - 768
00000000: 80000002
00000004: 80000001
00000008: 80000000
===== PHYSICAL MEMORY DUMP =====
BYTE 0000028c: 90
===== PHYSICAL MEMORY END-DUMP =====
================================================================
Time slot   4
	CPU 0: Put process  1 to run queue
	CPU 0: Dispatched process  1
read region=0 offset=140 value=90 PID=1
print_pgtbl: 0 - 768
00000000: 80000002
00000004: 80000001
00000008: 80000000
===== PHYSICAL MEMORY DUMP =====
BYTE 0000028c: 90
===== PHYSICAL MEMORY END-DUMP =====
================================================================
Time slot   5
===== PHYSICAL MEMORY AFTER DEALLOCATION =====
PID=1 - Region=0
print_pgtbl: 0 - 768
00000000: 00000002
00000004: 00000001
00000008: 00000000
Time slot   6
	CPU 0: Processed  1 has finished
	CPU 0 stopped

