Process 0: input/proc/p9s
Process 1: input/proc/p8s
Time slot   0
ld_routine
Time slot   1
	Loaded a process at input/proc/p9s, PID: 1 PRIO: 130
Time slot   2
	CPU 0: Dispatched process  1
===== PHYSICAL MEMORY AFTER ALLOCATION =====
PID=1 - Region=0 - Address=00000000 - Size=300 byte
print_pgtbl: 0 - 512
00000000: 80000001
00000004: 80000000
Time slot   3
write region=0 offset=20 value=100 PID=1
print_pgtbl: 0 - 512
00000000: 80000001
00000004: 80000000
===== PHYSICAL MEMORY DUMP =====
BYTE 00000114: 100
===== PHYSICAL MEMORY END-DUMP =====
================================================================
Time slot   4
	CPU 0: Put process  1 to run queue
	CPU 0: Dispatched process  1
===== PHYSICAL MEMORY AFTER ALLOCATION =====
PID=1 - Region=4 - Address=00000200 - Size=300 byte
print_pgtbl: 0 - 1024
00000000: 80000001
00000004: 80000000
00000008: 80000003
00000012: 80000002
	Loaded a process at input/proc/p8s, PID: 2 PRIO: 120
Time slot   5
	CPU 1: Dispatched process  2
===== PHYSICAL MEMORY AFTER DEALLOCATION =====
PID=1 - Region=0
print_pgtbl: 0 - 1024
00000000: 00000001
00000004: 00000000
00000008: 80000003
00000012: 80000002
===== PHYSICAL MEMORY AFTER ALLOCATION =====
PID=2 - Region=0 - Address=00000000 - Size=300 byte
print_pgtbl: 0 - 512
00000000: 80000001
00000004: 80000000
Time slot   6
write region=0 offset=280 value=100 PID=2
print_pgtbl: 0 - 512
00000000: 80000001
00000004: 80000000
===== PHYSICAL MEMORY DUMP =====
BYTE 00000018: 100
BYTE 00000114: 100
	CPU 0: Put process  1 to run queue
	CPU 0: Dispatched process  1
===== PHYSICAL MEMORY END-DUMP =====
================================================================
===== PHYSICAL MEMORY AFTER ALLOCATION =====
PID=1 - Region=1 - Address=00000000 - Size=100 byte
print_pgtbl: 0 - 1024
00000000: 80000004
00000004: 00000000
00000008: 80000003
00000012: 80000002
Time slot   7
read region=1 offset=20 value=0 PID=1
print_pgtbl: 0 - 1024
00000000: 80000004
00000004: 00000000
00000008: 80000003
00000012: 80000002
===== PHYSICAL MEMORY DUMP =====
BYTE 00000018: 100
	CPU 1: Put process  2 to run queue
	CPU 1: Dispatched process  2
BYTE 00000114: 100
===== PHYSICAL MEMORY END-DUMP =====
================================================================
write region=0 offset=40 value=20 PID=2
print_pgtbl: 0 - 512
00000000: 80000001
00000004: 80000000
===== PHYSICAL MEMORY DUMP =====
BYTE 00000018: 100
BYTE 00000114: 100
BYTE 00000128: 20
===== PHYSICAL MEMORY END-DUMP =====
================================================================
Time slot   8
===== PHYSICAL MEMORY AFTER ALLOCATION =====
PID=2 - Region=4 - Address=00000200 - Size=900 byte
print_pgtbl: 0 - 1536
00000000: 80000001
00000004: 80000000
00000008: 80000008
00000012: 80000007
00000016: 80000006
00000020: 80000005
	CPU 0: Put process  1 to run queue
	CPU 0: Dispatched process  1
=========invalid page access=========
========fail to write========
write region=2 offset=20 value=20 PID=1
print_pgtbl: 0 - 1024
00000000: 80000004
00000004: 00000000
00000008: 80000003
00000012: 80000002
===== PHYSICAL MEMORY DUMP =====
BYTE 00000018: 100
BYTE 00000114: 100
BYTE 00000128: 20
===== PHYSICAL MEMORY END-DUMP =====
================================================================
Time slot   9
=========invalid page access=========
	CPU 1: Put process  2 to run queue
	CPU 1: Dispatched process  2
========fail to read========
read region=2 offset=20 value=0 PID=1
print_pgtbl: 0 - 1024
00000000: 80000004
00000004: 00000000
00000008: 80000003
00000012: 80000002
===== PHYSICAL MEMORY DUMP =====
BYTE 00000018: 100
BYTE 00000114: 100
BYTE 00000128: 20
===== PHYSICAL MEMORY END-DUMP =====
================================================================
read region=0 offset=280 value=100 PID=2
print_pgtbl: 0 - 1536
00000000: 80000001
00000004: 80000000
00000008: 80000008
00000012: 80000007
00000016: 80000006
00000020: 80000005
===== PHYSICAL MEMORY DUMP =====
BYTE 00000018: 100
BYTE 00000114: 100
BYTE 00000128: 20
===== PHYSICAL MEMORY END-DUMP =====
================================================================
Time slot  10
===== PHYSICAL MEMORY AFTER DEALLOCATION =====
PID=2 - Region=0
print_pgtbl: 0 - 1536
00000000: 00000001
00000004: 00000000
00000008: 80000008
00000012: 80000007
	CPU 0: Put process  1 to run queue
	CPU 0: Dispatched process  1
00000016: 80000006
00000020: 80000005
=========invalid page access=========
========fail to write========
write region=3 offset=20 value=10 PID=1
print_pgtbl: 0 - 1024
00000000: 80000004
00000004: 00000000
00000008: 80000003
00000012: 80000002
===== PHYSICAL MEMORY DUMP =====
BYTE 00000018: 100
BYTE 00000114: 100
BYTE 00000128: 20
===== PHYSICAL MEMORY END-DUMP =====
================================================================
Time slot  11
	CPU 1: Put process  2 to run queue
	CPU 1: Dispatched process  2
=========invalid page access=========
========fail to read========
read region=3 offset=20 value=0 PID=1
print_pgtbl: 0 - 1024
00000000: 80000004
00000004: 00000000
00000008: 80000003
00000012: 80000002
===== PHYSICAL MEMORY DUMP =====
BYTE 00000018: 100
BYTE 00000114: 100
BYTE 00000128: 20
===== PHYSICAL MEMORY END-DUMP =====
================================================================
=========invalid page access=========
========fail to write========
write region=0 offset=120 value=110 PID=2
print_pgtbl: 0 - 1536
00000000: 00000001
00000004: 00000000
00000008: 80000008
00000012: 80000007
00000016: 80000006
00000020: 80000005
===== PHYSICAL MEMORY DUMP =====
BYTE 00000018: 100
BYTE 00000114: 100
BYTE 00000128: 20
===== PHYSICAL MEMORY END-DUMP =====
================================================================
Time slot  12
	CPU 0: Put process  1 to run queue
	CPU 0: Dispatched process  1
=========invalid page access=========
========fail to read========
read region=0 offset=20 value=0 PID=2
print_pgtbl: 0 - 1536
00000000: 00000001
00000004: 00000000
00000008: 80000008
00000012: 80000007
00000016: 80000006
00000020: 80000005
===== PHYSICAL MEMORY DUMP =====
BYTE 00000018: 100
BYTE 00000114: 100
BYTE 00000128: 20
===== PHYSICAL MEMORY END-DUMP =====
================================================================
===== PHYSICAL MEMORY AFTER DEALLOCATION =====
PID=1 - Region=4
print_pgtbl: 0 - 1024
00000000: 80000004
00000004: 00000000
00000008: 00000003
00000012: 00000002
Time slot  13
	CPU 1: Put process  2 to run queue
	CPU 1: Dispatched process  2
write region=4 offset=40 value=70 PID=2
print_pgtbl: 0 - 1536
	CPU 0: Processed  1 has finished
00000000: 00000001
00000004: 00000000
00000008: 80000008
00000012: 80000007
00000016: 80000006
00000020: 80000005
===== PHYSICAL MEMORY DUMP =====
BYTE 00000018: 100
	CPU 0 stopped
BYTE 00000114: 100
BYTE 00000128: 20
BYTE 00000828: 70
===== PHYSICAL MEMORY END-DUMP =====
================================================================
Time slot  14
write region=4 offset=40 value=90 PID=2
print_pgtbl: 0 - 1536
00000000: 00000001
00000004: 00000000
00000008: 80000008
00000012: 80000007
00000016: 80000006
00000020: 80000005
===== PHYSICAL MEMORY DUMP =====
BYTE 00000018: 100
BYTE 00000114: 100
BYTE 00000128: 20
BYTE 00000828: 90
===== PHYSICAL MEMORY END-DUMP =====
================================================================
Time slot  15
	CPU 1: Put process  2 to run queue
	CPU 1: Dispatched process  2
read region=4 offset=10 value=0 PID=2
print_pgtbl: 0 - 1536
00000000: 00000001
00000004: 00000000
00000008: 80000008
00000012: 80000007
00000016: 80000006
00000020: 80000005
===== PHYSICAL MEMORY DUMP =====
BYTE 00000018: 100
BYTE 00000114: 100
BYTE 00000128: 20
BYTE 00000828: 90
===== PHYSICAL MEMORY END-DUMP =====
================================================================
Time slot  16
===== PHYSICAL MEMORY AFTER DEALLOCATION =====
PID=2 - Region=4
print_pgtbl: 0 - 1536
00000000: 00000001
00000004: 00000000
00000008: 00000008
00000012: 00000007
00000016: 00000006
00000020: 00000005
Time slot  17
	CPU 1: Processed  2 has finished
	CPU 1 stopped

